
Allocating common symbols
Common symbol       size              file

rgbCUBE12           0x1440            ..\obj\led.o
SPI2_RxBuf          0x1440            ..\obj\System.o
u8Color_Channels    0x1440            ..\obj\System.o
spi2_ram            0x100             ..\obj\stm32_ub_spi2_slave.o

Discarded input sections

 .text          0x00000000        0x0 ..\obj\stm32f4xx_syscfg.o
 .data          0x00000000        0x0 ..\obj\stm32f4xx_syscfg.o
 .bss           0x00000000        0x0 ..\obj\stm32f4xx_syscfg.o
 .text.SYSCFG_DeInit
                0x00000000       0x1c ..\obj\stm32f4xx_syscfg.o
 .text.SYSCFG_MemoryRemapConfig
                0x00000000       0x20 ..\obj\stm32f4xx_syscfg.o
 .text.SYSCFG_ETH_MediaInterfaceConfig
                0x00000000       0x1c ..\obj\stm32f4xx_syscfg.o
 .text.SYSCFG_CompensationCellCmd
                0x00000000       0x20 ..\obj\stm32f4xx_syscfg.o
 .text.SYSCFG_GetCompensationCellStatus
                0x00000000       0x30 ..\obj\stm32f4xx_syscfg.o
 .text          0x00000000        0x0 ..\obj\led.o
 .data          0x00000000        0x3 ..\obj\led.o
 .text.delay_ms
                0x00000000       0x4c ..\obj\led.o
 .text.NO_USE   0x00000000       0x5c ..\obj\led.o
 .text.OFF_ALL  0x00000000       0x74 ..\obj\led.o
 .text.LED_fft_MODE
                0x00000000      0x480 ..\obj\led.o
 .text.ClearRGB
                0x00000000       0x6c ..\obj\led.o
 .text.setPlaneX
                0x00000000       0x60 ..\obj\led.o
 .text.setPlaneY
                0x00000000       0x60 ..\obj\led.o
 .text.setPlaneZ
                0x00000000       0x60 ..\obj\led.o
 .text.abss     0x00000000       0x5c ..\obj\led.o
 .text.MYabs    0x00000000       0x28 ..\obj\led.o
 .text.Max      0x00000000       0x54 ..\obj\led.o
 .text.maxt     0x00000000       0x40 ..\obj\led.o
 .text.line     0x00000000      0x1b0 ..\obj\led.o
 .text          0x00000000        0x0 ..\obj\System.o
 .data          0x00000000        0x0 ..\obj\System.o
 .text.delay_STms
                0x00000000       0x40 ..\obj\System.o
 .text.Sytem_Star
                0x00000000       0xec ..\obj\System.o
 .text          0x00000000        0x0 ..\obj\startup_stm32f4xx.o
 .data          0x00000000        0x0 ..\obj\startup_stm32f4xx.o
 .bss           0x00000000        0x0 ..\obj\startup_stm32f4xx.o
 .text          0x00000000        0x0 ..\obj\main.o
 .data          0x00000000        0x0 ..\obj\main.o
 .bss           0x00000000        0x0 ..\obj\main.o
 .text          0x00000000        0x0 ..\obj\stm32f4xx_rcc.o
 .data          0x00000000       0x10 ..\obj\stm32f4xx_rcc.o
 .bss           0x00000000        0x0 ..\obj\stm32f4xx_rcc.o
 .text.RCC_DeInit
                0x00000000       0x50 ..\obj\stm32f4xx_rcc.o
 .text.RCC_HSEConfig
                0x00000000       0x24 ..\obj\stm32f4xx_rcc.o
 .text.RCC_WaitForHSEStartUp
                0x00000000       0x50 ..\obj\stm32f4xx_rcc.o
 .text.RCC_AdjustHSICalibrationValue
                0x00000000       0x3c ..\obj\stm32f4xx_rcc.o
 .text.RCC_HSICmd
                0x00000000       0x20 ..\obj\stm32f4xx_rcc.o
 .text.RCC_LSEConfig
                0x00000000       0x40 ..\obj\stm32f4xx_rcc.o
 .text.RCC_LSICmd
                0x00000000       0x20 ..\obj\stm32f4xx_rcc.o
 .text.RCC_PLLConfig
                0x00000000       0x3c ..\obj\stm32f4xx_rcc.o
 .text.RCC_PLLCmd
                0x00000000       0x20 ..\obj\stm32f4xx_rcc.o
 .text.RCC_PLLI2SConfig
                0x00000000       0x28 ..\obj\stm32f4xx_rcc.o
 .text.RCC_PLLI2SCmd
                0x00000000       0x20 ..\obj\stm32f4xx_rcc.o
 .text.RCC_ClockSecuritySystemCmd
                0x00000000       0x20 ..\obj\stm32f4xx_rcc.o
 .text.RCC_MCO1Config
                0x00000000       0x3c ..\obj\stm32f4xx_rcc.o
 .text.RCC_MCO2Config
                0x00000000       0x3c ..\obj\stm32f4xx_rcc.o
 .text.RCC_SYSCLKConfig
                0x00000000       0x38 ..\obj\stm32f4xx_rcc.o
 .text.RCC_GetSYSCLKSource
                0x00000000       0x1c ..\obj\stm32f4xx_rcc.o
 .text.RCC_HCLKConfig
                0x00000000       0x38 ..\obj\stm32f4xx_rcc.o
 .text.RCC_PCLK1Config
                0x00000000       0x38 ..\obj\stm32f4xx_rcc.o
 .text.RCC_PCLK2Config
                0x00000000       0x38 ..\obj\stm32f4xx_rcc.o
 .text.RCC_GetClocksFreq
                0x00000000      0x154 ..\obj\stm32f4xx_rcc.o
 .text.RCC_RTCCLKConfig
                0x00000000       0x5c ..\obj\stm32f4xx_rcc.o
 .text.RCC_RTCCLKCmd
                0x00000000       0x20 ..\obj\stm32f4xx_rcc.o
 .text.RCC_BackupResetCmd
                0x00000000       0x20 ..\obj\stm32f4xx_rcc.o
 .text.RCC_I2SCLKConfig
                0x00000000       0x1c ..\obj\stm32f4xx_rcc.o
 .text.RCC_AHB2PeriphClockCmd
                0x00000000       0x3c ..\obj\stm32f4xx_rcc.o
 .text.RCC_AHB3PeriphClockCmd
                0x00000000       0x3c ..\obj\stm32f4xx_rcc.o
 .text.RCC_AHB1PeriphResetCmd
                0x00000000       0x3c ..\obj\stm32f4xx_rcc.o
 .text.RCC_AHB2PeriphResetCmd
                0x00000000       0x3c ..\obj\stm32f4xx_rcc.o
 .text.RCC_AHB3PeriphResetCmd
                0x00000000       0x3c ..\obj\stm32f4xx_rcc.o
 .text.RCC_AHB1PeriphClockLPModeCmd
                0x00000000       0x3c ..\obj\stm32f4xx_rcc.o
 .text.RCC_AHB2PeriphClockLPModeCmd
                0x00000000       0x3c ..\obj\stm32f4xx_rcc.o
 .text.RCC_AHB3PeriphClockLPModeCmd
                0x00000000       0x3c ..\obj\stm32f4xx_rcc.o
 .text.RCC_APB1PeriphClockLPModeCmd
                0x00000000       0x3c ..\obj\stm32f4xx_rcc.o
 .text.RCC_APB2PeriphClockLPModeCmd
                0x00000000       0x3c ..\obj\stm32f4xx_rcc.o
 .text.RCC_ITConfig
                0x00000000       0x4c ..\obj\stm32f4xx_rcc.o
 .text.RCC_GetFlagStatus
                0x00000000       0x74 ..\obj\stm32f4xx_rcc.o
 .text.RCC_ClearFlag
                0x00000000       0x1c ..\obj\stm32f4xx_rcc.o
 .text.RCC_GetITStatus
                0x00000000       0x34 ..\obj\stm32f4xx_rcc.o
 .text.RCC_ClearITPendingBit
                0x00000000       0x20 ..\obj\stm32f4xx_rcc.o
 .text          0x00000000        0x0 ..\obj\stm32_ub_spi2_slave.o
 .bss           0x00000000        0x4 ..\obj\stm32_ub_spi2_slave.o
 .text.SPI2_DMA_RX_ISR
                0x00000000        0xc ..\obj\stm32_ub_spi2_slave.o
 COMMON         0x00000000      0x100 ..\obj\stm32_ub_spi2_slave.o
 .text          0x00000000        0x0 ..\obj\stm32_ub_ext_int0.o
 .bss           0x00000000        0x0 ..\obj\stm32_ub_ext_int0.o
 .text          0x00000000        0x0 ..\obj\Timer.o
 .data          0x00000000        0x0 ..\obj\Timer.o
 .bss           0x00000000        0x0 ..\obj\Timer.o
 .text          0x00000000        0x0 ..\obj\stm32f4xx_gpio.o
 .data          0x00000000        0x0 ..\obj\stm32f4xx_gpio.o
 .bss           0x00000000        0x0 ..\obj\stm32f4xx_gpio.o
 .text.GPIO_DeInit
                0x00000000      0x120 ..\obj\stm32f4xx_gpio.o
 .text.GPIO_StructInit
                0x00000000       0x34 ..\obj\stm32f4xx_gpio.o
 .text.GPIO_PinLockConfig
                0x00000000       0x44 ..\obj\stm32f4xx_gpio.o
 .text.GPIO_ReadInputData
                0x00000000       0x18 ..\obj\stm32f4xx_gpio.o
 .text.GPIO_ReadOutputDataBit
                0x00000000       0x34 ..\obj\stm32f4xx_gpio.o
 .text.GPIO_ReadOutputData
                0x00000000       0x18 ..\obj\stm32f4xx_gpio.o
 .text.GPIO_ResetBits
                0x00000000       0x1c ..\obj\stm32f4xx_gpio.o
 .text.GPIO_WriteBit
                0x00000000       0x30 ..\obj\stm32f4xx_gpio.o
 .text.GPIO_Write
                0x00000000       0x1c ..\obj\stm32f4xx_gpio.o
 .text.GPIO_ToggleBits
                0x00000000       0x24 ..\obj\stm32f4xx_gpio.o
 .text          0x00000000        0x0 ..\obj\system_stm32f4xx.o
 .data          0x00000000       0x14 ..\obj\system_stm32f4xx.o
 .bss           0x00000000        0x0 ..\obj\system_stm32f4xx.o
 .text.SystemCoreClockUpdate
                0x00000000       0xf8 ..\obj\system_stm32f4xx.o
 .text          0x00000000        0x0 ..\obj\stm32f4xx_dma.o
 .data          0x00000000        0x0 ..\obj\stm32f4xx_dma.o
 .bss           0x00000000        0x0 ..\obj\stm32f4xx_dma.o
 .text.DMA_PeriphIncOffsetSizeConfig
                0x00000000       0x34 ..\obj\stm32f4xx_dma.o
 .text.DMA_FlowControllerConfig
                0x00000000       0x34 ..\obj\stm32f4xx_dma.o
 .text.DMA_SetCurrDataCounter
                0x00000000       0x1c ..\obj\stm32f4xx_dma.o
 .text.DMA_GetCurrDataCounter
                0x00000000       0x18 ..\obj\stm32f4xx_dma.o
 .text.DMA_DoubleBufferModeConfig
                0x00000000       0x3c ..\obj\stm32f4xx_dma.o
 .text.DMA_DoubleBufferModeCmd
                0x00000000       0x38 ..\obj\stm32f4xx_dma.o
 .text.DMA_MemoryTargetConfig
                0x00000000       0x2c ..\obj\stm32f4xx_dma.o
 .text.DMA_GetCurrentMemoryTarget
                0x00000000       0x30 ..\obj\stm32f4xx_dma.o
 .text.DMA_GetCmdStatus
                0x00000000       0x30 ..\obj\stm32f4xx_dma.o
 .text.DMA_GetFIFOStatus
                0x00000000       0x24 ..\obj\stm32f4xx_dma.o
 .text.DMA_GetFlagStatus
                0x00000000       0x74 ..\obj\stm32f4xx_dma.o
 .text.DMA_ClearFlag
                0x00000000       0x5c ..\obj\stm32f4xx_dma.o
 .text.DMA_GetITStatus
                0x00000000       0xac ..\obj\stm32f4xx_dma.o
 .text          0x00000000        0x0 ..\obj\stm32f4xx_spi.o
 .data          0x00000000        0x0 ..\obj\stm32f4xx_spi.o
 .bss           0x00000000        0x0 ..\obj\stm32f4xx_spi.o
 .text.I2S_Init
                0x00000000      0x1b4 ..\obj\stm32f4xx_spi.o
 .text.SPI_StructInit
                0x00000000       0x48 ..\obj\stm32f4xx_spi.o
 .text.I2S_StructInit
                0x00000000       0x38 ..\obj\stm32f4xx_spi.o
 .text.I2S_Cmd  0x00000000       0x40 ..\obj\stm32f4xx_spi.o
 .text.SPI_DataSizeConfig
                0x00000000       0x38 ..\obj\stm32f4xx_spi.o
 .text.SPI_BiDirectionalLineConfig
                0x00000000       0x40 ..\obj\stm32f4xx_spi.o
 .text.SPI_NSSInternalSoftwareConfig
                0x00000000       0x44 ..\obj\stm32f4xx_spi.o
 .text.SPI_SSOutputCmd
                0x00000000       0x40 ..\obj\stm32f4xx_spi.o
 .text.SPI_TIModeCmd
                0x00000000       0x40 ..\obj\stm32f4xx_spi.o
 .text.I2S_FullDuplexConfig
                0x00000000       0x9c ..\obj\stm32f4xx_spi.o
 .text.SPI_I2S_SendData
                0x00000000       0x1c ..\obj\stm32f4xx_spi.o
 .text.SPI_CalculateCRC
                0x00000000       0x40 ..\obj\stm32f4xx_spi.o
 .text.SPI_TransmitCRC
                0x00000000       0x24 ..\obj\stm32f4xx_spi.o
 .text.SPI_GetCRC
                0x00000000       0x30 ..\obj\stm32f4xx_spi.o
 .text.SPI_GetCRCPolynomial
                0x00000000       0x18 ..\obj\stm32f4xx_spi.o
 .text.SPI_I2S_ITConfig
                0x00000000       0x60 ..\obj\stm32f4xx_spi.o
 .text.SPI_I2S_GetFlagStatus
                0x00000000       0x38 ..\obj\stm32f4xx_spi.o
 .text.SPI_I2S_ClearFlag
                0x00000000       0x20 ..\obj\stm32f4xx_spi.o
 .text.SPI_I2S_GetITStatus
                0x00000000       0x74 ..\obj\stm32f4xx_spi.o
 .text.SPI_I2S_ClearITPendingBit
                0x00000000       0x34 ..\obj\stm32f4xx_spi.o
 .text          0x00000000        0x0 ..\obj\stm32f4xx_exti.o
 .data          0x00000000        0x0 ..\obj\stm32f4xx_exti.o
 .bss           0x00000000        0x0 ..\obj\stm32f4xx_exti.o
 .text.EXTI_DeInit
                0x00000000       0x34 ..\obj\stm32f4xx_exti.o
 .text.EXTI_StructInit
                0x00000000       0x2c ..\obj\stm32f4xx_exti.o
 .text.EXTI_GenerateSWInterrupt
                0x00000000       0x24 ..\obj\stm32f4xx_exti.o
 .text.EXTI_GetFlagStatus
                0x00000000       0x34 ..\obj\stm32f4xx_exti.o
 .text.EXTI_ClearFlag
                0x00000000       0x1c ..\obj\stm32f4xx_exti.o
 .text          0x00000000        0x0 ..\obj\misc.o
 .data          0x00000000        0x0 ..\obj\misc.o
 .bss           0x00000000        0x0 ..\obj\misc.o
 .text.NVIC_SetVectorTable
                0x00000000       0x2c ..\obj\misc.o
 .text.NVIC_SystemLPConfig
                0x00000000       0x40 ..\obj\misc.o
 .text.SysTick_CLKSourceConfig
                0x00000000       0x38 ..\obj\misc.o
 .text          0x00000000        0x0 ..\obj\stm32f4xx_tim.o
 .data          0x00000000        0x0 ..\obj\stm32f4xx_tim.o
 .bss           0x00000000        0x0 ..\obj\stm32f4xx_tim.o
 .text.TIM_DeInit
                0x00000000      0x1c0 ..\obj\stm32f4xx_tim.o
 .text.TIM_TimeBaseStructInit
                0x00000000       0x34 ..\obj\stm32f4xx_tim.o
 .text.TIM_PrescalerConfig
                0x00000000       0x28 ..\obj\stm32f4xx_tim.o
 .text.TIM_CounterModeConfig
                0x00000000       0x38 ..\obj\stm32f4xx_tim.o
 .text.TIM_SetCounter
                0x00000000       0x1c ..\obj\stm32f4xx_tim.o
 .text.TIM_SetAutoreload
                0x00000000       0x1c ..\obj\stm32f4xx_tim.o
 .text.TIM_GetCounter
                0x00000000       0x18 ..\obj\stm32f4xx_tim.o
 .text.TIM_GetPrescaler
                0x00000000       0x18 ..\obj\stm32f4xx_tim.o
 .text.TIM_UpdateDisableConfig
                0x00000000       0x40 ..\obj\stm32f4xx_tim.o
 .text.TIM_UpdateRequestConfig
                0x00000000       0x40 ..\obj\stm32f4xx_tim.o
 .text.TIM_ARRPreloadConfig
                0x00000000       0x40 ..\obj\stm32f4xx_tim.o
 .text.TIM_SelectOnePulseMode
                0x00000000       0x38 ..\obj\stm32f4xx_tim.o
 .text.TIM_SetClockDivision
                0x00000000       0x38 ..\obj\stm32f4xx_tim.o
 .text.TIM_OC1Init
                0x00000000       0xf4 ..\obj\stm32f4xx_tim.o
 .text.TIM_OC2Init
                0x00000000      0x110 ..\obj\stm32f4xx_tim.o
 .text.TIM_OC3Init
                0x00000000      0x10c ..\obj\stm32f4xx_tim.o
 .text.TIM_OC4Init
                0x00000000       0xcc ..\obj\stm32f4xx_tim.o
 .text.TIM_OCStructInit
                0x00000000       0x44 ..\obj\stm32f4xx_tim.o
 .text.TIM_SelectOCxM
                0x00000000       0xb0 ..\obj\stm32f4xx_tim.o
 .text.TIM_SetCompare1
                0x00000000       0x1c ..\obj\stm32f4xx_tim.o
 .text.TIM_SetCompare2
                0x00000000       0x1c ..\obj\stm32f4xx_tim.o
 .text.TIM_SetCompare3
                0x00000000       0x1c ..\obj\stm32f4xx_tim.o
 .text.TIM_SetCompare4
                0x00000000       0x1c ..\obj\stm32f4xx_tim.o
 .text.TIM_ForcedOC1Config
                0x00000000       0x38 ..\obj\stm32f4xx_tim.o
 .text.TIM_ForcedOC2Config
                0x00000000       0x3c ..\obj\stm32f4xx_tim.o
 .text.TIM_ForcedOC3Config
                0x00000000       0x38 ..\obj\stm32f4xx_tim.o
 .text.TIM_ForcedOC4Config
                0x00000000       0x3c ..\obj\stm32f4xx_tim.o
 .text.TIM_OC1PreloadConfig
                0x00000000       0x38 ..\obj\stm32f4xx_tim.o
 .text.TIM_OC2PreloadConfig
                0x00000000       0x3c ..\obj\stm32f4xx_tim.o
 .text.TIM_OC3PreloadConfig
                0x00000000       0x38 ..\obj\stm32f4xx_tim.o
 .text.TIM_OC4PreloadConfig
                0x00000000       0x3c ..\obj\stm32f4xx_tim.o
 .text.TIM_OC1FastConfig
                0x00000000       0x38 ..\obj\stm32f4xx_tim.o
 .text.TIM_OC2FastConfig
                0x00000000       0x3c ..\obj\stm32f4xx_tim.o
 .text.TIM_OC3FastConfig
                0x00000000       0x38 ..\obj\stm32f4xx_tim.o
 .text.TIM_OC4FastConfig
                0x00000000       0x3c ..\obj\stm32f4xx_tim.o
 .text.TIM_ClearOC1Ref
                0x00000000       0x38 ..\obj\stm32f4xx_tim.o
 .text.TIM_ClearOC2Ref
                0x00000000       0x3c ..\obj\stm32f4xx_tim.o
 .text.TIM_ClearOC3Ref
                0x00000000       0x38 ..\obj\stm32f4xx_tim.o
 .text.TIM_ClearOC4Ref
                0x00000000       0x3c ..\obj\stm32f4xx_tim.o
 .text.TIM_OC1PolarityConfig
                0x00000000       0x38 ..\obj\stm32f4xx_tim.o
 .text.TIM_OC1NPolarityConfig
                0x00000000       0x38 ..\obj\stm32f4xx_tim.o
 .text.TIM_OC2PolarityConfig
                0x00000000       0x3c ..\obj\stm32f4xx_tim.o
 .text.TIM_OC2NPolarityConfig
                0x00000000       0x3c ..\obj\stm32f4xx_tim.o
 .text.TIM_OC3PolarityConfig
                0x00000000       0x3c ..\obj\stm32f4xx_tim.o
 .text.TIM_OC3NPolarityConfig
                0x00000000       0x3c ..\obj\stm32f4xx_tim.o
 .text.TIM_OC4PolarityConfig
                0x00000000       0x3c ..\obj\stm32f4xx_tim.o
 .text.TIM_CCxCmd
                0x00000000       0x5c ..\obj\stm32f4xx_tim.o
 .text.TIM_CCxNCmd
                0x00000000       0x5c ..\obj\stm32f4xx_tim.o
 .text.TIM_ICInit
                0x00000000       0xa8 ..\obj\stm32f4xx_tim.o
 .text.TIM_ICStructInit
                0x00000000       0x30 ..\obj\stm32f4xx_tim.o
 .text.TIM_PWMIConfig
                0x00000000       0xb8 ..\obj\stm32f4xx_tim.o
 .text.TIM_GetCapture1
                0x00000000       0x18 ..\obj\stm32f4xx_tim.o
 .text.TIM_GetCapture2
                0x00000000       0x18 ..\obj\stm32f4xx_tim.o
 .text.TIM_GetCapture3
                0x00000000       0x18 ..\obj\stm32f4xx_tim.o
 .text.TIM_GetCapture4
                0x00000000       0x18 ..\obj\stm32f4xx_tim.o
 .text.TIM_SetIC1Prescaler
                0x00000000       0x38 ..\obj\stm32f4xx_tim.o
 .text.TIM_SetIC2Prescaler
                0x00000000       0x3c ..\obj\stm32f4xx_tim.o
 .text.TIM_SetIC3Prescaler
                0x00000000       0x38 ..\obj\stm32f4xx_tim.o
 .text.TIM_SetIC4Prescaler
                0x00000000       0x3c ..\obj\stm32f4xx_tim.o
 .text.TIM_BDTRConfig
                0x00000000       0x50 ..\obj\stm32f4xx_tim.o
 .text.TIM_BDTRStructInit
                0x00000000       0x3c ..\obj\stm32f4xx_tim.o
 .text.TIM_CtrlPWMOutputs
                0x00000000       0x4c ..\obj\stm32f4xx_tim.o
 .text.TIM_SelectCOM
                0x00000000       0x40 ..\obj\stm32f4xx_tim.o
 .text.TIM_CCPreloadControl
                0x00000000       0x40 ..\obj\stm32f4xx_tim.o
 .text.TIM_GenerateEvent
                0x00000000       0x1c ..\obj\stm32f4xx_tim.o
 .text.TIM_GetFlagStatus
                0x00000000       0x38 ..\obj\stm32f4xx_tim.o
 .text.TIM_ClearFlag
                0x00000000       0x20 ..\obj\stm32f4xx_tim.o
 .text.TIM_GetITStatus
                0x00000000       0x54 ..\obj\stm32f4xx_tim.o
 .text.TIM_ClearITPendingBit
                0x00000000       0x20 ..\obj\stm32f4xx_tim.o
 .text.TIM_DMAConfig
                0x00000000       0x28 ..\obj\stm32f4xx_tim.o
 .text.TIM_DMACmd
                0x00000000       0x48 ..\obj\stm32f4xx_tim.o
 .text.TIM_SelectCCDMA
                0x00000000       0x40 ..\obj\stm32f4xx_tim.o
 .text.TIM_InternalClockConfig
                0x00000000       0x24 ..\obj\stm32f4xx_tim.o
 .text.TIM_ITRxExternalClockConfig
                0x00000000       0x30 ..\obj\stm32f4xx_tim.o
 .text.TIM_TIxExternalClockConfig
                0x00000000       0x5c ..\obj\stm32f4xx_tim.o
 .text.TIM_ETRClockMode1Config
                0x00000000       0x60 ..\obj\stm32f4xx_tim.o
 .text.TIM_ETRClockMode2Config
                0x00000000       0x40 ..\obj\stm32f4xx_tim.o
 .text.TIM_SelectInputTrigger
                0x00000000       0x38 ..\obj\stm32f4xx_tim.o
 .text.TIM_SelectOutputTrigger
                0x00000000       0x38 ..\obj\stm32f4xx_tim.o
 .text.TIM_SelectSlaveMode
                0x00000000       0x38 ..\obj\stm32f4xx_tim.o
 .text.TIM_SelectMasterSlaveMode
                0x00000000       0x38 ..\obj\stm32f4xx_tim.o
 .text.TIM_ETRConfig
                0x00000000       0x54 ..\obj\stm32f4xx_tim.o
 .text.TIM_EncoderInterfaceConfig
                0x00000000       0x98 ..\obj\stm32f4xx_tim.o
 .text.TIM_SelectHallSensor
                0x00000000       0x40 ..\obj\stm32f4xx_tim.o
 .text.TIM_RemapConfig
                0x00000000       0x20 ..\obj\stm32f4xx_tim.o
 .text.TI1_Config
                0x00000000       0x84 ..\obj\stm32f4xx_tim.o
 .text.TI2_Config
                0x00000000       0x98 ..\obj\stm32f4xx_tim.o
 .text.TI3_Config
                0x00000000       0x90 ..\obj\stm32f4xx_tim.o
 .text.TI4_Config
                0x00000000       0x9c ..\obj\stm32f4xx_tim.o

Memory Configuration

Name             Origin             Length             Attributes
rom              0x08000000         0x00100000         xr
ram              0x20000000         0x00020000         xrw
ram1             0x10000000         0x00010000         xrw
*default*        0x00000000         0xffffffff

Linker script and memory map

                0x20020000                _eram = 0x20020000

.text           0x08000000     0x29f0
 *(.isr_vector)
 .isr_vector    0x08000000      0x188 ..\obj\startup_stm32f4xx.o
                0x08000000                g_pfnVectors
 *(.text*)
 .text.SYSCFG_EXTILineConfig
                0x08000188       0x84 ..\obj\stm32f4xx_syscfg.o
                0x08000188                SYSCFG_EXTILineConfig
 .text.LayerChoose
                0x0800020c       0x88 ..\obj\led.o
                0x0800020c                LayerChoose
 .text.sendDelay
                0x08000294       0x1c ..\obj\led.o
                0x08000294                sendDelay
 .text.LED_Flash
                0x080002b0      0x408 ..\obj\led.o
                0x080002b0                LED_Flash
 .text.Set_row  0x080006b8       0x24 ..\obj\led.o
                0x080006b8                Set_row
 .text.SetPoint
                0x080006dc       0xd8 ..\obj\led.o
                0x080006dc                SetPoint
 .text.setAll   0x080007b4       0x68 ..\obj\led.o
                0x080007b4                setAll
 .text.NVIC_Configuration
                0x0800081c       0x10 ..\obj\led.o
                0x0800081c                NVIC_Configuration
 .text.GPIO_Configuration
                0x0800082c       0xc8 ..\obj\led.o
                0x0800082c                GPIO_Configuration
 .text.TIM4_IRQHandler
                0x080008f4       0xb8 ..\obj\System.o
                0x080008f4                TIM4_IRQHandler
 .text.Default_Reset_Handler
                0x080009ac       0x5c ..\obj\startup_stm32f4xx.o
                0x080009ac                Default_Reset_Handler
                0x080009ac                Reset_Handler
 .text.Default_Handler
                0x08000a08        0x8 ..\obj\startup_stm32f4xx.o
                0x08000a08                RTC_Alarm_IRQHandler
                0x08000a08                HASH_RNG_IRQHandler
                0x08000a08                EXTI2_IRQHandler
                0x08000a08                TIM8_CC_IRQHandler
                0x08000a08                DebugMon_Handler
                0x08000a08                TIM1_CC_IRQHandler
                0x08000a08                DMA2_Stream5_IRQHandler
                0x08000a08                HardFault_Handler
                0x08000a08                DMA1_Stream5_IRQHandler
                0x08000a08                SysTick_Handler
                0x08000a08                PVD_IRQHandler
                0x08000a08                SDIO_IRQHandler
                0x08000a08                TAMP_STAMP_IRQHandler
                0x08000a08                PendSV_Handler
                0x08000a08                NMI_Handler
                0x08000a08                CAN2_RX1_IRQHandler
                0x08000a08                EXTI3_IRQHandler
                0x08000a08                TIM8_TRG_COM_TIM14_IRQHandler
                0x08000a08                TIM1_UP_TIM10_IRQHandler
                0x08000a08                TIM8_UP_TIM13_IRQHandler
                0x08000a08                I2C3_ER_IRQHandler
                0x08000a08                I2C2_EV_IRQHandler
                0x08000a08                DMA1_Stream2_IRQHandler
                0x08000a08                CAN1_RX0_IRQHandler
                0x08000a08                FPU_IRQHandler
                0x08000a08                OTG_HS_WKUP_IRQHandler
                0x08000a08                UsageFault_Handler
                0x08000a08                CAN2_SCE_IRQHandler
                0x08000a08                DMA2_Stream2_IRQHandler
                0x08000a08                SPI1_IRQHandler
                0x08000a08                TIM6_DAC_IRQHandler
                0x08000a08                TIM1_BRK_TIM9_IRQHandler
                0x08000a08                DCMI_IRQHandler
                0x08000a08                CAN2_RX0_IRQHandler
                0x08000a08                DMA2_Stream3_IRQHandler
                0x08000a08                USART6_IRQHandler
                0x08000a08                USART3_IRQHandler
                0x08000a08                CRYP_IRQHandler
                0x08000a08                CAN1_RX1_IRQHandler
                0x08000a08                UART5_IRQHandler
                0x08000a08                DMA2_Stream0_IRQHandler
                0x08000a08                I2C1_EV_IRQHandler
                0x08000a08                DMA1_Stream6_IRQHandler
                0x08000a08                DMA1_Stream1_IRQHandler
                0x08000a08                UART4_IRQHandler
                0x08000a08                TIM3_IRQHandler
                0x08000a08                RCC_IRQHandler
                0x08000a08                TIM8_BRK_TIM12_IRQHandler
                0x08000a08                EXTI15_10_IRQHandler
                0x08000a08                ADC_IRQHandler
                0x08000a08                DMA1_Stream7_IRQHandler
                0x08000a08                TIM7_IRQHandler
                0x08000a08                CAN2_TX_IRQHandler
                0x08000a08                TIM5_IRQHandler
                0x08000a08                DMA2_Stream7_IRQHandler
                0x08000a08                I2C3_EV_IRQHandler
                0x08000a08                EXTI9_5_IRQHandler
                0x08000a08                RTC_WKUP_IRQHandler
                0x08000a08                ETH_WKUP_IRQHandler
                0x08000a08                OTG_HS_EP1_IN_IRQHandler
                0x08000a08                MemManage_Handler
                0x08000a08                DMA1_Stream0_IRQHandler
                0x08000a08                CAN1_TX_IRQHandler
                0x08000a08                SVC_Handler
                0x08000a08                EXTI4_IRQHandler
                0x08000a08                FSMC_IRQHandler
                0x08000a08                ETH_IRQHandler
                0x08000a08                OTG_HS_EP1_OUT_IRQHandler
                0x08000a08                WWDG_IRQHandler
                0x08000a08                TIM2_IRQHandler
                0x08000a08                OTG_FS_WKUP_IRQHandler
                0x08000a08                TIM1_TRG_COM_TIM11_IRQHandler
                0x08000a08                OTG_HS_IRQHandler
                0x08000a08                EXTI1_IRQHandler
                0x08000a08                USART2_IRQHandler
                0x08000a08                I2C2_ER_IRQHandler
                0x08000a08                DMA2_Stream1_IRQHandler
                0x08000a08                CAN1_SCE_IRQHandler
                0x08000a08                FLASH_IRQHandler
                0x08000a08                DMA2_Stream4_IRQHandler
                0x08000a08                BusFault_Handler
                0x08000a08                USART1_IRQHandler
                0x08000a08                OTG_FS_IRQHandler
                0x08000a08                SPI3_IRQHandler
                0x08000a08                DMA1_Stream4_IRQHandler
                0x08000a08                I2C1_ER_IRQHandler
                0x08000a08                DMA2_Stream6_IRQHandler
 .text.main     0x08000a10       0xe0 ..\obj\main.o
                0x08000a10                main
 .text.RCC_AHB1PeriphClockCmd
                0x08000af0       0x3c ..\obj\stm32f4xx_rcc.o
                0x08000af0                RCC_AHB1PeriphClockCmd
 .text.RCC_APB1PeriphClockCmd
                0x08000b2c       0x3c ..\obj\stm32f4xx_rcc.o
                0x08000b2c                RCC_APB1PeriphClockCmd
 .text.RCC_APB2PeriphClockCmd
                0x08000b68       0x3c ..\obj\stm32f4xx_rcc.o
                0x08000b68                RCC_APB2PeriphClockCmd
 .text.RCC_APB1PeriphResetCmd
                0x08000ba4       0x3c ..\obj\stm32f4xx_rcc.o
                0x08000ba4                RCC_APB1PeriphResetCmd
 .text.RCC_APB2PeriphResetCmd
                0x08000be0       0x3c ..\obj\stm32f4xx_rcc.o
                0x08000be0                RCC_APB2PeriphResetCmd
 .text.Configure_SPI_DMA
                0x08000c1c       0xa0 ..\obj\stm32_ub_spi2_slave.o
                0x08000c1c                Configure_SPI_DMA
 .text.UB_SPI2_Slave_Init
                0x08000cbc      0x1d0 ..\obj\stm32_ub_spi2_slave.o
                0x08000cbc                UB_SPI2_Slave_Init
 .text.SPI2_IRQHandler
                0x08000e8c       0x1c ..\obj\stm32_ub_spi2_slave.o
                0x08000e8c                SPI2_IRQHandler
 .text.DMA1_Stream3_IRQHandler
                0x08000ea8       0x18 ..\obj\stm32_ub_spi2_slave.o
                0x08000ea8                DMA1_Stream3_IRQHandler
 .text.UB_Ext_INT0_Init
                0x08000ec0       0x88 ..\obj\stm32_ub_ext_int0.o
                0x08000ec0                UB_Ext_INT0_Init
 .text.P_EXT_INT0_LoFlanke
                0x08000f48        0xc ..\obj\stm32_ub_ext_int0.o
                0x08000f48                P_EXT_INT0_LoFlanke
 .text.P_EXT_INT0_HiFlanke
                0x08000f54        0xc ..\obj\stm32_ub_ext_int0.o
                0x08000f54                P_EXT_INT0_HiFlanke
 .text.EXTI0_IRQHandler
                0x08000f60       0x48 ..\obj\stm32_ub_ext_int0.o
                0x08000f60                EXTI0_IRQHandler
 .text.Timer4_Init
                0x08000fa8       0x70 ..\obj\Timer.o
                0x08000fa8                Timer4_Init
 .text.GPIO_Init
                0x08001018      0x11c ..\obj\stm32f4xx_gpio.o
                0x08001018                GPIO_Init
 .text.GPIO_ReadInputDataBit
                0x08001134       0x34 ..\obj\stm32f4xx_gpio.o
                0x08001134                GPIO_ReadInputDataBit
 .text.GPIO_SetBits
                0x08001168       0x1c ..\obj\stm32f4xx_gpio.o
                0x08001168                GPIO_SetBits
 .text.GPIO_PinAFConfig
                0x08001184       0x90 ..\obj\stm32f4xx_gpio.o
                0x08001184                GPIO_PinAFConfig
 .text.SystemInit
                0x08001214       0x5c ..\obj\system_stm32f4xx.o
                0x08001214                SystemInit
 .text.SetSysClock
                0x08001270       0xf4 ..\obj\system_stm32f4xx.o
 .text.DMA_DeInit
                0x08001364      0x1a4 ..\obj\stm32f4xx_dma.o
                0x08001364                DMA_DeInit
 .text.DMA_Init
                0x08001508       0xac ..\obj\stm32f4xx_dma.o
                0x08001508                DMA_Init
 .text.DMA_StructInit
                0x080015b4       0x6c ..\obj\stm32f4xx_dma.o
                0x080015b4                DMA_StructInit
 .text.DMA_Cmd  0x08001620       0x38 ..\obj\stm32f4xx_dma.o
                0x08001620                DMA_Cmd
 .text.DMA_ITConfig
                0x08001658       0x74 ..\obj\stm32f4xx_dma.o
                0x08001658                DMA_ITConfig
 .text.DMA_ClearITPendingBit
                0x080016cc       0x5c ..\obj\stm32f4xx_dma.o
                0x080016cc                DMA_ClearITPendingBit
 .text.SPI_I2S_DeInit
                0x08001728       0x74 ..\obj\stm32f4xx_spi.o
                0x08001728                SPI_I2S_DeInit
 .text.SPI_Init
                0x0800179c       0x88 ..\obj\stm32f4xx_spi.o
                0x0800179c                SPI_Init
 .text.SPI_Cmd  0x08001824       0x40 ..\obj\stm32f4xx_spi.o
                0x08001824                SPI_Cmd
 .text.SPI_I2S_ReceiveData
                0x08001864       0x18 ..\obj\stm32f4xx_spi.o
                0x08001864                SPI_I2S_ReceiveData
 .text.SPI_I2S_DMACmd
                0x0800187c       0x48 ..\obj\stm32f4xx_spi.o
                0x0800187c                SPI_I2S_DMACmd
 .text.EXTI_Init
                0x080018c4       0xe4 ..\obj\stm32f4xx_exti.o
                0x080018c4                EXTI_Init
 .text.EXTI_GetITStatus
                0x080019a8       0x48 ..\obj\stm32f4xx_exti.o
                0x080019a8                EXTI_GetITStatus
 .text.EXTI_ClearITPendingBit
                0x080019f0       0x1c ..\obj\stm32f4xx_exti.o
                0x080019f0                EXTI_ClearITPendingBit
 .text.NVIC_PriorityGroupConfig
                0x08001a0c       0x24 ..\obj\misc.o
                0x08001a0c                NVIC_PriorityGroupConfig
 .text.NVIC_Init
                0x08001a30       0xc0 ..\obj\misc.o
                0x08001a30                NVIC_Init
 .text.TIM_TimeBaseInit
                0x08001af0       0xd4 ..\obj\stm32f4xx_tim.o
                0x08001af0                TIM_TimeBaseInit
 .text.TIM_Cmd  0x08001bc4       0x40 ..\obj\stm32f4xx_tim.o
                0x08001bc4                TIM_Cmd
 .text.TIM_ITConfig
                0x08001c04       0x48 ..\obj\stm32f4xx_tim.o
                0x08001c04                TIM_ITConfig
 *(.init)
 *(.fini)
 *crtbegin.o(.ctors)
 *crtbegin?.o(.ctors)
 *(EXCLUDE_FILE(*crtend.o *crtend?.o) .ctors)
 *(SORT(.ctors.*))
 *(.ctors)
 *crtbegin.o(.dtors)
 *crtbegin?.o(.dtors)
 *(EXCLUDE_FILE(*crtend.o *crtend?.o) .dtors)
 *(SORT(.dtors.*))
 *(.dtors)
 *(.rodata*)
 .rodata        0x08001c4c      0xd98 ..\obj\led.o
                0x08001c4c                DigitChar
                0x08001c54                ScanTimeData
                0x08001c64                LayerSUM_A
                0x080020e4                LayerSUM_B
                0x08002564                LayerSUM_C
 .rodata        0x080029e4        0xc ..\obj\System.o
                0x080029e4                LayerChar
 *(.eh_fram e*)

.glue_7         0x080029f0        0x0
 .glue_7        0x080029f0        0x0 linker stubs

.glue_7t        0x080029f0        0x0
 .glue_7t       0x080029f0        0x0 linker stubs

.vfp11_veneer   0x080029f0        0x0
 .vfp11_veneer  0x080029f0        0x0 linker stubs

.v4_bx          0x080029f0        0x0
 .v4_bx         0x080029f0        0x0 linker stubs

.iplt           0x080029f0        0x0
 .iplt          0x080029f0        0x0 ..\obj\stm32f4xx_syscfg.o

.rel.dyn        0x080029f0        0x0
 .rel.iplt      0x080029f0        0x0 ..\obj\stm32f4xx_syscfg.o

.ARM.extab
 *(.ARM.extab* .gnu.linkonce.armextab.*)
                0x080029f0                __exidx_start = .

.ARM.exidx
 *(.ARM.exidx* .gnu.linkonce.armexidx.*)
                0x080029f0                __exidx_end = .
                0x080029f0                __etext = .
                0x080029f0                _sidata = __etext

.data           0x20000000       0x50 load address 0x080029f0
                0x20000000                __data_start__ = .
                0x20000000                _sdata = __data_start__
 *(vtable)
 *(.data*)
 .data          0x20000000       0x40 ..\obj\stm32_ub_spi2_slave.o
                0x20000000                SPI2DEV
 .data          0x20000040       0x10 ..\obj\stm32_ub_ext_int0.o
                0x20000040                EXT_INT0
                0x20000050                . = ALIGN (0x4)
                [!provide]                PROVIDE (__preinit_array_start, .)
 *(.preinit_array)
                [!provide]                PROVIDE (__preinit_array_end, .)
                0x20000050                . = ALIGN (0x4)
                [!provide]                PROVIDE (__init_array_start, .)
 *(SORT(.init_array.*))
 *(.init_array)
                [!provide]                PROVIDE (__init_array_end, .)
                0x20000050                . = ALIGN (0x4)
                [!provide]                PROVIDE (__fini_array_start, .)
 *(SORT(.fini_array.*))
 *(.fini_array)
                [!provide]                PROVIDE (__fini_array_end, .)
 *(.jcr*)
                0x20000050                . = ALIGN (0x4)
                0x20000050                __data_end__ = .
                0x20000050                _edata = __data_end__

.igot.plt       0x20000050        0x0 load address 0x08002a40
 .igot.plt      0x20000050        0x0 ..\obj\stm32f4xx_syscfg.o

.bss            0x20000050     0x3cd0 load address 0x08002a40
                0x20000050                . = ALIGN (0x4)
                0x20000050                __bss_start__ = .
                0x20000050                _sbss = __bss_start__
 *(.bss*)
 .bss           0x20000050        0xa ..\obj\led.o
                0x20000050                fft_flag
                0x20000051                flickerFlag
                0x20000052                fft_MODE
                0x20000053                BrightnessFlag
                0x20000054                tf_readflag
                0x20000055                tf_readRead
                0x20000056                tf_readStop
                0x20000057                Light_Green
                0x20000058                Light_Blue
                0x20000059                NoUSE
 .bss           0x2000005a        0x3 ..\obj\System.o
                0x2000005a                u8Color_Trans_Complete
 *(COMMON)
 *fill*         0x2000005d        0x3 
 COMMON         0x20000060     0x1440 ..\obj\led.o
                0x20000060                rgbCUBE12
 COMMON         0x200014a0     0x2880 ..\obj\System.o
                0x200014a0                SPI2_RxBuf
                0x200028e0                u8Color_Channels
                0x20003d20                . = ALIGN (0x4)
                0x20003d20                __bss_end__ = .
                0x20003d20                _ebss = __bss_end__

.heap           0x20003d20        0x0
                0x20003d20                __end__ = .
                0x20003d20                _end = __end__
                0x20003d20                end = __end__
 *(.heap*)
                0x20003d20                __HeapLimit = .

.co_stack       0x20003d20      0x800 load address 0x08006710
                0x20003d20                . = ALIGN (0x8)
 *(.co_stack .co_stack.*)
 .co_stack      0x20003d20      0x800 ..\obj\startup_stm32f4xx.o
                0x20003d20                pulStack
                0x20020000                __StackTop = (ORIGIN (ram) + LENGTH (ram))
                0x2001f800                __StackLimit = (__StackTop - SIZEOF (.co_stack))
                [!provide]                PROVIDE (__stack, __StackTop)
                0x00000001                ASSERT ((__StackLimit >= __HeapLimit), region ram  overflowed with stack)
LOAD ..\obj\stm32f4xx_syscfg.o
LOAD ..\obj\led.o
LOAD ..\obj\System.o
LOAD ..\obj\startup_stm32f4xx.o
LOAD ..\obj\main.o
LOAD ..\obj\stm32f4xx_rcc.o
LOAD ..\obj\stm32_ub_spi2_slave.o
LOAD ..\obj\stm32_ub_ext_int0.o
LOAD ..\obj\Timer.o
LOAD ..\obj\stm32f4xx_gpio.o
LOAD ..\obj\system_stm32f4xx.o
LOAD ..\obj\stm32f4xx_dma.o
LOAD ..\obj\stm32f4xx_spi.o
LOAD ..\obj\stm32f4xx_exti.o
LOAD ..\obj\misc.o
LOAD ..\obj\stm32f4xx_tim.o
START GROUP
LOAD c:/program files (x86)/gnu tools arm embedded/5.2 2015q4/bin/../lib/gcc/arm-none-eabi/5.2.1/armv7e-m\libgcc.a
LOAD c:/program files (x86)/gnu tools arm embedded/5.2 2015q4/bin/../lib/gcc/arm-none-eabi/5.2.1/../../../../arm-none-eabi/lib/armv7e-m\libg.a
LOAD c:/program files (x86)/gnu tools arm embedded/5.2 2015q4/bin/../lib/gcc/arm-none-eabi/5.2.1/../../../../arm-none-eabi/lib/armv7e-m\libc.a
END GROUP
OUTPUT(main.elf elf32-littlearm)

.debug_info     0x00000000     0x7bcc
 .debug_info    0x00000000      0x274 ..\obj\stm32f4xx_syscfg.o
 .debug_info    0x00000274      0xab8 ..\obj\led.o
 .debug_info    0x00000d2c      0x4d6 ..\obj\System.o
 .debug_info    0x00001202       0xed ..\obj\startup_stm32f4xx.o
 .debug_info    0x000012ef      0x1f4 ..\obj\main.o
 .debug_info    0x000014e3      0xc59 ..\obj\stm32f4xx_rcc.o
 .debug_info    0x0000213c      0xa7d ..\obj\stm32_ub_spi2_slave.o
 .debug_info    0x00002bb9      0x713 ..\obj\stm32_ub_ext_int0.o
 .debug_info    0x000032cc      0x5ff ..\obj\Timer.o
 .debug_info    0x000038cb      0x61a ..\obj\stm32f4xx_gpio.o
 .debug_info    0x00003ee5      0x596 ..\obj\system_stm32f4xx.o
 .debug_info    0x0000447b      0x741 ..\obj\stm32f4xx_dma.o
 .debug_info    0x00004bbc      0xb0f ..\obj\stm32f4xx_spi.o
 .debug_info    0x000056cb      0x357 ..\obj\stm32f4xx_exti.o
 .debug_info    0x00005a22      0x541 ..\obj\misc.o
 .debug_info    0x00005f63     0x1c69 ..\obj\stm32f4xx_tim.o

.debug_abbrev   0x00000000     0x16bd
 .debug_abbrev  0x00000000      0x133 ..\obj\stm32f4xx_syscfg.o
 .debug_abbrev  0x00000133      0x24a ..\obj\led.o
 .debug_abbrev  0x0000037d      0x14b ..\obj\System.o
 .debug_abbrev  0x000004c8       0xb0 ..\obj\startup_stm32f4xx.o
 .debug_abbrev  0x00000578      0x10c ..\obj\main.o
 .debug_abbrev  0x00000684      0x1e5 ..\obj\stm32f4xx_rcc.o
 .debug_abbrev  0x00000869      0x1b1 ..\obj\stm32_ub_spi2_slave.o
 .debug_abbrev  0x00000a1a      0x180 ..\obj\stm32_ub_ext_int0.o
 .debug_abbrev  0x00000b9a      0x10b ..\obj\Timer.o
 .debug_abbrev  0x00000ca5      0x1a7 ..\obj\stm32f4xx_gpio.o
 .debug_abbrev  0x00000e4c      0x138 ..\obj\system_stm32f4xx.o
 .debug_abbrev  0x00000f84      0x157 ..\obj\stm32f4xx_dma.o
 .debug_abbrev  0x000010db      0x169 ..\obj\stm32f4xx_spi.o
 .debug_abbrev  0x00001244      0x1a9 ..\obj\stm32f4xx_exti.o
 .debug_abbrev  0x000013ed      0x147 ..\obj\misc.o
 .debug_abbrev  0x00001534      0x189 ..\obj\stm32f4xx_tim.o

.debug_aranges  0x00000000      0x968
 .debug_aranges
                0x00000000       0x48 ..\obj\stm32f4xx_syscfg.o
 .debug_aranges
                0x00000048       0xc0 ..\obj\led.o
 .debug_aranges
                0x00000108       0x30 ..\obj\System.o
 .debug_aranges
                0x00000138       0x28 ..\obj\startup_stm32f4xx.o
 .debug_aranges
                0x00000160       0x20 ..\obj\main.o
 .debug_aranges
                0x00000180      0x178 ..\obj\stm32f4xx_rcc.o
 .debug_aranges
                0x000002f8       0x40 ..\obj\stm32_ub_spi2_slave.o
 .debug_aranges
                0x00000338       0x38 ..\obj\stm32_ub_ext_int0.o
 .debug_aranges
                0x00000370       0x20 ..\obj\Timer.o
 .debug_aranges
                0x00000390       0x88 ..\obj\stm32f4xx_gpio.o
 .debug_aranges
                0x00000418       0x30 ..\obj\system_stm32f4xx.o
 .debug_aranges
                0x00000448       0xb0 ..\obj\stm32f4xx_dma.o
 .debug_aranges
                0x000004f8       0xe0 ..\obj\stm32f4xx_spi.o
 .debug_aranges
                0x000005d8       0x58 ..\obj\stm32f4xx_exti.o
 .debug_aranges
                0x00000630       0x40 ..\obj\misc.o
 .debug_aranges
                0x00000670      0x2f8 ..\obj\stm32f4xx_tim.o

.debug_ranges   0x00000000      0x868
 .debug_ranges  0x00000000       0x38 ..\obj\stm32f4xx_syscfg.o
 .debug_ranges  0x00000038       0xb0 ..\obj\led.o
 .debug_ranges  0x000000e8       0x20 ..\obj\System.o
 .debug_ranges  0x00000108       0x18 ..\obj\startup_stm32f4xx.o
 .debug_ranges  0x00000120       0x10 ..\obj\main.o
 .debug_ranges  0x00000130      0x168 ..\obj\stm32f4xx_rcc.o
 .debug_ranges  0x00000298       0x30 ..\obj\stm32_ub_spi2_slave.o
 .debug_ranges  0x000002c8       0x28 ..\obj\stm32_ub_ext_int0.o
 .debug_ranges  0x000002f0       0x10 ..\obj\Timer.o
 .debug_ranges  0x00000300       0x78 ..\obj\stm32f4xx_gpio.o
 .debug_ranges  0x00000378       0x20 ..\obj\system_stm32f4xx.o
 .debug_ranges  0x00000398       0xa0 ..\obj\stm32f4xx_dma.o
 .debug_ranges  0x00000438       0xd0 ..\obj\stm32f4xx_spi.o
 .debug_ranges  0x00000508       0x48 ..\obj\stm32f4xx_exti.o
 .debug_ranges  0x00000550       0x30 ..\obj\misc.o
 .debug_ranges  0x00000580      0x2e8 ..\obj\stm32f4xx_tim.o

.debug_line     0x00000000     0x3c5e
 .debug_line    0x00000000      0x255 ..\obj\stm32f4xx_syscfg.o
 .debug_line    0x00000255      0x6f2 ..\obj\led.o
 .debug_line    0x00000947      0x294 ..\obj\System.o
 .debug_line    0x00000bdb       0xaf ..\obj\startup_stm32f4xx.o
 .debug_line    0x00000c8a      0x1d4 ..\obj\main.o
 .debug_line    0x00000e5e      0x5fd ..\obj\stm32f4xx_rcc.o
 .debug_line    0x0000145b      0x33a ..\obj\stm32_ub_spi2_slave.o
 .debug_line    0x00001795      0x2d5 ..\obj\stm32_ub_ext_int0.o
 .debug_line    0x00001a6a      0x243 ..\obj\Timer.o
 .debug_line    0x00001cad      0x3b8 ..\obj\stm32f4xx_gpio.o
 .debug_line    0x00002065      0x21e ..\obj\system_stm32f4xx.o
 .debug_line    0x00002283      0x482 ..\obj\stm32f4xx_dma.o
 .debug_line    0x00002705      0x4b1 ..\obj\stm32f4xx_spi.o
 .debug_line    0x00002bb6      0x2f9 ..\obj\stm32f4xx_exti.o
 .debug_line    0x00002eaf      0x296 ..\obj\misc.o
 .debug_line    0x00003145      0xb19 ..\obj\stm32f4xx_tim.o

.debug_str      0x00000000     0x3104
 .debug_str     0x00000000      0x2a4 ..\obj\stm32f4xx_syscfg.o
                                0x302 (size before relaxing)
 .debug_str     0x000002a4      0x3f2 ..\obj\led.o
                                0x575 (size before relaxing)
 .debug_str     0x00000696      0x18e ..\obj\System.o
                                0x34d (size before relaxing)
 .debug_str     0x00000824       0xbe ..\obj\startup_stm32f4xx.o
                                0x155 (size before relaxing)
 .debug_str     0x000008e2       0xd3 ..\obj\main.o
                                0x23d (size before relaxing)
 .debug_str     0x000009b5      0x64a ..\obj\stm32f4xx_rcc.o
                                0x85e (size before relaxing)
 .debug_str     0x00000fff      0x924 ..\obj\stm32_ub_spi2_slave.o
                                0xd6b (size before relaxing)
 .debug_str     0x00001923      0x1c0 ..\obj\stm32_ub_ext_int0.o
                                0xa81 (size before relaxing)
 .debug_str     0x00001ae3       0xc9 ..\obj\Timer.o
                                0x8b0 (size before relaxing)
 .debug_str     0x00001bac      0x194 ..\obj\stm32f4xx_gpio.o
                                0x4b1 (size before relaxing)
 .debug_str     0x00001d40      0x126 ..\obj\system_stm32f4xx.o
                                0x3b8 (size before relaxing)
 .debug_str     0x00001e66      0x282 ..\obj\stm32f4xx_dma.o
                                0x550 (size before relaxing)
 .debug_str     0x000020e8      0x30b ..\obj\stm32f4xx_spi.o
                                0x698 (size before relaxing)
 .debug_str     0x000023f3      0x10e ..\obj\stm32f4xx_exti.o
                                0x367 (size before relaxing)
 .debug_str     0x00002501      0x16f ..\obj\misc.o
                                0x3dc (size before relaxing)
 .debug_str     0x00002670      0xa94 ..\obj\stm32f4xx_tim.o
                                0xdde (size before relaxing)

.comment        0x00000000       0x6e
 .comment       0x00000000       0x6e ..\obj\stm32f4xx_syscfg.o
                                 0x6f (size before relaxing)
 .comment       0x0000006e       0x6f ..\obj\led.o
 .comment       0x0000006e       0x6f ..\obj\System.o
 .comment       0x0000006e       0x6f ..\obj\startup_stm32f4xx.o
 .comment       0x0000006e       0x6f ..\obj\main.o
 .comment       0x0000006e       0x6f ..\obj\stm32f4xx_rcc.o
 .comment       0x0000006e       0x6f ..\obj\stm32_ub_spi2_slave.o
 .comment       0x0000006e       0x6f ..\obj\stm32_ub_ext_int0.o
 .comment       0x0000006e       0x6f ..\obj\Timer.o
 .comment       0x0000006e       0x6f ..\obj\stm32f4xx_gpio.o
 .comment       0x0000006e       0x6f ..\obj\system_stm32f4xx.o
 .comment       0x0000006e       0x6f ..\obj\stm32f4xx_dma.o
 .comment       0x0000006e       0x6f ..\obj\stm32f4xx_spi.o
 .comment       0x0000006e       0x6f ..\obj\stm32f4xx_exti.o
 .comment       0x0000006e       0x6f ..\obj\misc.o
 .comment       0x0000006e       0x6f ..\obj\stm32f4xx_tim.o

.ARM.attributes
                0x00000000       0x33
 .ARM.attributes
                0x00000000       0x33 ..\obj\stm32f4xx_syscfg.o
 .ARM.attributes
                0x00000033       0x33 ..\obj\led.o
 .ARM.attributes
                0x00000066       0x33 ..\obj\System.o
 .ARM.attributes
                0x00000099       0x33 ..\obj\startup_stm32f4xx.o
 .ARM.attributes
                0x000000cc       0x33 ..\obj\main.o
 .ARM.attributes
                0x000000ff       0x33 ..\obj\stm32f4xx_rcc.o
 .ARM.attributes
                0x00000132       0x33 ..\obj\stm32_ub_spi2_slave.o
 .ARM.attributes
                0x00000165       0x33 ..\obj\stm32_ub_ext_int0.o
 .ARM.attributes
                0x00000198       0x33 ..\obj\Timer.o
 .ARM.attributes
                0x000001cb       0x33 ..\obj\stm32f4xx_gpio.o
 .ARM.attributes
                0x000001fe       0x33 ..\obj\system_stm32f4xx.o
 .ARM.attributes
                0x00000231       0x33 ..\obj\stm32f4xx_dma.o
 .ARM.attributes
                0x00000264       0x33 ..\obj\stm32f4xx_spi.o
 .ARM.attributes
                0x00000297       0x33 ..\obj\stm32f4xx_exti.o
 .ARM.attributes
                0x000002ca       0x33 ..\obj\misc.o
 .ARM.attributes
                0x000002fd       0x33 ..\obj\stm32f4xx_tim.o

.debug_frame    0x00000000     0x27a8
 .debug_frame   0x00000000       0xf4 ..\obj\stm32f4xx_syscfg.o
 .debug_frame   0x000000f4      0x344 ..\obj\led.o
 .debug_frame   0x00000438       0x78 ..\obj\System.o
 .debug_frame   0x000004b0       0x4c ..\obj\startup_stm32f4xx.o
 .debug_frame   0x000004fc       0x30 ..\obj\main.o
 .debug_frame   0x0000052c      0x6d4 ..\obj\stm32f4xx_rcc.o
 .debug_frame   0x00000c00       0xb8 ..\obj\stm32_ub_spi2_slave.o
 .debug_frame   0x00000cb8       0x94 ..\obj\stm32_ub_ext_int0.o
 .debug_frame   0x00000d4c       0x34 ..\obj\Timer.o
 .debug_frame   0x00000d80      0x23c ..\obj\stm32f4xx_gpio.o
 .debug_frame   0x00000fbc       0x7c ..\obj\system_stm32f4xx.o
 .debug_frame   0x00001038      0x308 ..\obj\stm32f4xx_dma.o
 .debug_frame   0x00001340      0x3f4 ..\obj\stm32f4xx_spi.o
 .debug_frame   0x00001734      0x148 ..\obj\stm32f4xx_exti.o
 .debug_frame   0x0000187c       0xd8 ..\obj\misc.o
 .debug_frame   0x00001954      0xe54 ..\obj\stm32f4xx_tim.o
